jffjjjffhhhhhhhhhhhhhhhhhhh12223444448888